{
    "samplesheet": {
        "content": [
            "samplesheet.valid.csv:md5,21387c48b43947403fb84f5e33be9e9b"
        ],
        "timestamp": "2023-05-25T16:43:40+0000"
    },
    "star_salmon": {
        "content": [
            "salmon_tx2gene.tsv:md5,b367acfc4b7df7fb68fb1b1d2956e27e"
        ],
        "timestamp": "2023-05-25T16:43:40+0000"
    },
    "software_versions": {
        "content": [
            {
                "BBMAP_BBSPLIT": {
                    "bbmap": "39.01"
                },
                "BEDTOOLS_GENOMECOV": {
                    "bedtools": "2.30.0"
                },
                "CAT_ADDITIONAL_FASTA": {
                    "python": "3.9.5"
                },
                "CAT_FASTQ": {
                    "cat": "8.30"
                },
                "CUSTOM_DUMPSOFTWAREVERSIONS": {
                    "python": "3.11.0",
                    "yaml": "6.0"
                },
                "CUSTOM_GETCHROMSIZES": {
                    "getchromsizes": "1.16.1"
                },
                "DESEQ2_QC_SALMON": {
                    "bioconductor-deseq2": "1.28.0",
                    "r-base": "4.0.3"
                },
                "DESEQ2_QC_STAR_SALMON": {
                    "bioconductor-deseq2": "1.28.0",
                    "r-base": "4.0.3"
                },
                "DUPRADAR": {
                    "bioconductor-dupradar": "1.28.0",
                    "r-base": "4.2.1"
                },
                "FASTP": {
                    "fastp": "0.23.2"
                },
                "FASTQC_RAW": {
                    "fastqc": "0.11.9"
                },
                "FASTQC_TRIM": {
                    "fastqc": "0.11.9"
                },
                "FQ_SUBSAMPLE": {
                    "fq": "0.9.1 (2022-02-22)"
                },
                "GTF2BED": {
                    "perl": "5.26.2"
                },
                "GUNZIP_ADDITIONAL_FASTA": {
                    "gunzip": "1.10"
                },
                "GUNZIP_GTF": {
                    "gunzip": "1.10"
                },
                "MULTIQC_CUSTOM_BIOTYPE": {
                    "python": "3.9.5"
                },
                "PICARD_MARKDUPLICATES": {
                    "picard": "3.0.0"
                },
                "QUALIMAP_RNASEQ": {
                    "qualimap": "2.2.2-dev"
                },
                "RSEQC_BAMSTAT": {
                    "rseqc": "3.0.1"
                },
                "RSEQC_INFEREXPERIMENT": {
                    "rseqc": "3.0.1"
                },
                "RSEQC_INNERDISTANCE": {
                    "rseqc": "3.0.1"
                },
                "RSEQC_JUNCTIONANNOTATION": {
                    "rseqc": "3.0.1"
                },
                "RSEQC_JUNCTIONSATURATION": {
                    "rseqc": "3.0.1"
                },
                "RSEQC_READDISTRIBUTION": {
                    "rseqc": "3.0.1"
                },
                "RSEQC_READDUPLICATION": {
                    "rseqc": "3.0.1"
                },
                "SALMON_QUANT": {
                    "salmon": "1.10.1"
                },
                "SALMON_SE_GENE": {
                    "bioconductor-summarizedexperiment": "1.24.0",
                    "r-base": "4.1.1"
                },
                "SALMON_TX2GENE": {
                    "python": "3.9.5"
                },
                "SALMON_TXIMPORT": {
                    "bioconductor-tximeta": "1.12.0",
                    "r-base": "4.1.1"
                },
                "SAMPLESHEET_CHECK": {
                    "python": "3.9.5"
                },
                "SAMTOOLS_FLAGSTAT": {
                    "samtools": "1.17"
                },
                "SAMTOOLS_IDXSTATS": {
                    "samtools": "1.17"
                },
                "SAMTOOLS_INDEX": {
                    "samtools": "1.17"
                },
                "SAMTOOLS_SORT": {
                    "samtools": "1.17"
                },
                "SAMTOOLS_STATS": {
                    "samtools": "1.17"
                },
                "STAR_ALIGN": {
                    "gawk": "5.1.0",
                    "samtools": "1.16.1",
                    "star": "2.7.9a"
                },
                "STAR_GENOMEGENERATE": {
                    "gawk": "5.1.0",
                    "samtools": "1.16.1",
                    "star": "2.7.9a"
                },
                "STRINGTIE_STRINGTIE": {
                    "stringtie": "2.2.1"
                },
                "SUBREAD_FEATURECOUNTS": {
                    "subread": "2.0.1"
                },
                "UCSC_BEDCLIP": {
                    "ucsc": "377"
                },
                "UCSC_BEDGRAPHTOBIGWIG": {
                    "ucsc": "377"
                },
                "UNTAR_SALMON_INDEX": {
                    "untar": "1.30"
                },
                "Workflow": {
                    "nf-core/rnaseq": "3.12.0dev"
                }
            }
        ],
        "timestamp": "2023-05-25T16:43:40+0000"
    },
    "salmon": {
        "content": [
            "salmon_tx2gene.tsv:md5,b367acfc4b7df7fb68fb1b1d2956e27e"
        ],
        "timestamp": "2023-05-25T16:43:40+0000"
    },
    "multiqc": {
        "content": [
            "junction_saturation_known.txt:md5,7fb002deec1752d8e2065b693624191c",
            "junction_saturation_novel.txt:md5,7fb002deec1752d8e2065b693624191c",
            "multiqc_fastqc.txt:md5,68bdc9b37911a79484e0333e82679fa3"
        ],
        "timestamp": "2023-05-25T16:43:40+0000"
    },
    "star_salmon/deseq2_qc/": {
        "content": [
            "R_sessionInfo.log:md5,fb0da0d7ad6994ed66a8e68348b19676"
        ],
        "timestamp": "2023-05-25T16:43:40+0000"
    },
    "fastp": {
        "content": [
            "RAP1_IAA_30M_REP1.fastp.json:md5,ae456b69778addc6703d97d5b71a41c2",
            "RAP1_UNINDUCED_REP1.fastp.json:md5,7efed80025c48cb8278613884a572ca6",
            "RAP1_UNINDUCED_REP2.fastp.json:md5,267d6441c0bb257797d1b56808d88f7d",
            "WT_REP1.fastp.json:md5,dcc63871de44796c2be69c2b4ab41b2f",
            "WT_REP2.fastp.json:md5,d5d6dcccbb39ed923b97c4c3f4c06d69"
        ],
        "timestamp": "2023-05-25T16:43:40+0000"
    }
}