{
    "samplesheet": {
        "content": [
            "samplesheet.valid.csv:md5,21387c48b43947403fb84f5e33be9e9b"
        ],
        "timestamp": "2023-05-28T16:37:52+0000"
    },
    "software_versions": {
        "content": [
            "{BBMAP_BBSPLIT={bbmap=39.01}, BEDTOOLS_GENOMECOV={bedtools=2.30.0}, CAT_ADDITIONAL_FASTA={python=3.9.5}, CAT_FASTQ={cat=8.30}, CUSTOM_DUMPSOFTWAREVERSIONS={python=3.11.0, yaml=6.0}, CUSTOM_GETCHROMSIZES={getchromsizes=1.16.1}, DESEQ2_QC_SALMON={bioconductor-deseq2=1.28.0, r-base=4.0.3}, DUPRADAR={bioconductor-dupradar=1.28.0, r-base=4.2.1}, FASTQC={fastqc=0.11.9}, FQ_SUBSAMPLE={fq=0.9.1 (2022-02-22)}, GTF2BED={perl=5.26.2}, GUNZIP_ADDITIONAL_FASTA={gunzip=1.10}, GUNZIP_GTF={gunzip=1.10}, HISAT2_ALIGN={hisat2=2.2.1, samtools=1.16.1}, HISAT2_BUILD={hisat2=2.2.1}, HISAT2_EXTRACTSPLICESITES={hisat2=2.2.1}, MULTIQC_CUSTOM_BIOTYPE={python=3.9.5}, PICARD_MARKDUPLICATES={picard=3.0.0}, QUALIMAP_RNASEQ={qualimap=2.2.2-dev}, RSEQC_BAMSTAT={rseqc=3.0.1}, RSEQC_INFEREXPERIMENT={rseqc=3.0.1}, RSEQC_INNERDISTANCE={rseqc=3.0.1}, RSEQC_JUNCTIONANNOTATION={rseqc=3.0.1}, RSEQC_JUNCTIONSATURATION={rseqc=3.0.1}, RSEQC_READDISTRIBUTION={rseqc=3.0.1}, RSEQC_READDUPLICATION={rseqc=3.0.1}, SALMON_QUANT={salmon=1.10.1}, SALMON_SE_GENE={bioconductor-summarizedexperiment=1.24.0, r-base=4.1.1}, SALMON_TX2GENE={python=3.9.5}, SALMON_TXIMPORT={bioconductor-tximeta=1.12.0, r-base=4.1.1}, SAMPLESHEET_CHECK={python=3.9.5}, SAMTOOLS_FLAGSTAT={samtools=1.17}, SAMTOOLS_IDXSTATS={samtools=1.17}, SAMTOOLS_INDEX={samtools=1.17}, SAMTOOLS_SORT={samtools=1.17}, SAMTOOLS_STATS={samtools=1.17}, STRINGTIE_STRINGTIE={stringtie=2.2.1}, SUBREAD_FEATURECOUNTS={subread=2.0.1}, TRIMGALORE={cutadapt=3.4, trimgalore=0.6.7}, UCSC_BEDCLIP={ucsc=377}, UCSC_BEDGRAPHTOBIGWIG={ucsc=377}, UNTAR_SALMON_INDEX={untar=1.30}, Workflow={nf-core/rnaseq=3.12.0dev}}"
        ],
        "timestamp": "2023-05-28T16:37:52+0000"
    },
    "hisat2/dupradar/gene_data/": {
        "content": [
            "RAP1_IAA_30M_REP1_dupMatrix.txt:md5,8a6bf324a928534cb7ed7a5522aff7d0",
            "RAP1_UNINDUCED_REP1_dupMatrix.txt:md5,ae3e70edc98ec8117608f8f608effab9",
            "RAP1_UNINDUCED_REP2_dupMatrix.txt:md5,9a5c2672c5817e930c7b884ada8fd92c",
            "WT_REP1_dupMatrix.txt:md5,11371da7a087879340c2e7e6842a5d89",
            "WT_REP2_dupMatrix.txt:md5,5176c7447c4295f94e2683dd9995cea0"
        ],
        "timestamp": "2023-05-28T16:37:52+0000"
    },
    "salmon": {
        "content": [
            "salmon_tx2gene.tsv:md5,b367acfc4b7df7fb68fb1b1d2956e27e"
        ],
        "timestamp": "2023-05-28T16:37:52+0000"
    },
    "hisat2/featurecounts/": {
        "content": [
            "RAP1_IAA_30M_REP1.featureCounts.txt:md5,eedff929765dbc950528ee499e6d63ba",
            "RAP1_UNINDUCED_REP1.featureCounts.txt:md5,b007abbc78b08d8d2bb37a267665947d",
            "RAP1_UNINDUCED_REP2.featureCounts.txt:md5,ea897231d1c447d8e395716741b876ab",
            "WT_REP1.featureCounts.txt:md5,39721c0d981304996438bc2f505bf98c",
            "WT_REP2.featureCounts.txt:md5,702446d50a5019c84fcef85d1cfef78c"
        ],
        "timestamp": "2023-05-28T16:37:52+0000"
    },
    "hisat2/rseqc/": {
        "content": [
            "RAP1_UNINDUCED_REP1.bam_stat.txt:md5,ae7a5e0ec19906b5f9e2fdb397ad14f3",
            "RAP1_UNINDUCED_REP2.bam_stat.txt:md5,494fd84c2550aab95335092b9a12b582",
            "WT_REP1.bam_stat.txt:md5,ae49a89df9a95984e0dcbde12b4f6c95",
            "WT_REP2.bam_stat.txt:md5,3dc7a3e286e4c244b08df72010060696",
            "RAP1_UNINDUCED_REP1.infer_experiment.txt:md5,3ee0f64e82f0b1ac16b5f3e2b30b024c",
            "RAP1_UNINDUCED_REP2.infer_experiment.txt:md5,3d17628d178e5a3cc9dc03f32614bff7",
            "WT_REP1.infer_experiment.txt:md5,13e3c748f5b968455a39eb9fefd87053",
            "WT_REP2.infer_experiment.txt:md5,230910b354a5531d1c4bf711ccd6e493",
            "RAP1_UNINDUCED_REP1.junction.bed:md5,52a8150e3e4605f94519072fee16449b",
            "RAP1_UNINDUCED_REP2.junction.bed:md5,de5f7324e1e1958713b7460c9881e42e",
            "WT_REP1.junction.bed:md5,f5a188b82b4b993abf101b046043852c",
            "WT_REP2.junction.bed:md5,3d32038159734b9f1c9d366a090127d4",
            "WT_REP1.junction_annotation.log:md5,934d6b1d55cb31cbfe183c7f838dc580",
            "WT_REP2.junction_annotation.log:md5,02bf2e27dfd72fb89f3689c955dc57ed",
            "RAP1_UNINDUCED_REP1.read_distribution.txt:md5,8324ffb159a4e40555e6d088d7aa6e7f",
            "RAP1_UNINDUCED_REP2.read_distribution.txt:md5,a658f427236d094aef6e65ea512a2642",
            "WT_REP1.read_distribution.txt:md5,4202e7e0b800e897e76a5ce8bdd804d1",
            "WT_REP2.read_distribution.txt:md5,b16004cf92f131094bc87c1aa3a9bd73"
        ],
        "timestamp": "2023-05-28T16:37:52+0000"
    },
    "multiqc": {
        "content": [
            "multiqc_cutadapt.txt:md5,aac9581a5670cb55edf564f3d6c1f9a7",
            "multiqc_fastqc.txt:md5,68bdc9b37911a79484e0333e82679fa3",
            "multiqc_picard_dups.txt:md5,71d5bafee1a4916951349018f387f7a0",
            "picard_histogram.txt:md5,c9aa8a5ac6841ffb3a6cc2de45b44797"
        ],
        "timestamp": "2023-05-28T16:37:52+0000"
    }
}