{
    "samplesheet": {
        "content": [
            "samplesheet.valid.csv:md5,21387c48b43947403fb84f5e33be9e9b"
        ],
        "timestamp": "2023-05-28T19:32:42+0000"
    },
    "star_salmon": {
        "content": [
            "salmon_tx2gene.tsv:md5,b367acfc4b7df7fb68fb1b1d2956e27e"
        ],
        "timestamp": "2023-05-28T19:32:42+0000"
    },
    "software_versions": {
        "content": [
            "{BBMAP_BBSPLIT={bbmap=39.01}, BEDTOOLS_GENOMECOV={bedtools=2.30.0}, CAT_ADDITIONAL_FASTA={python=3.9.5}, CAT_FASTQ={cat=8.30}, CUSTOM_DUMPSOFTWAREVERSIONS={python=3.11.0, yaml=6.0}, CUSTOM_GETCHROMSIZES={getchromsizes=1.16.1}, DESEQ2_QC_SALMON={bioconductor-deseq2=1.28.0, r-base=4.0.3}, DESEQ2_QC_STAR_SALMON={bioconductor-deseq2=1.28.0, r-base=4.0.3}, DUPRADAR={bioconductor-dupradar=1.28.0, r-base=4.2.1}, FASTQC={fastqc=0.11.9}, FQ_SUBSAMPLE={fq=0.9.1 (2022-02-22)}, GTF2BED={perl=5.26.2}, GUNZIP_ADDITIONAL_FASTA={gunzip=1.10}, GUNZIP_GTF={gunzip=1.10}, MULTIQC_CUSTOM_BIOTYPE={python=3.9.5}, PICARD_MARKDUPLICATES={picard=3.0.0}, QUALIMAP_RNASEQ={qualimap=2.2.2-dev}, RSEQC_BAMSTAT={rseqc=3.0.1}, RSEQC_INFEREXPERIMENT={rseqc=3.0.1}, RSEQC_JUNCTIONANNOTATION={rseqc=3.0.1}, RSEQC_JUNCTIONSATURATION={rseqc=3.0.1}, RSEQC_READDUPLICATION={rseqc=3.0.1}, SALMON_QUANT={salmon=1.10.1}, SALMON_SE_GENE={bioconductor-summarizedexperiment=1.24.0, r-base=4.1.1}, SALMON_TX2GENE={python=3.9.5}, SALMON_TXIMPORT={bioconductor-tximeta=1.12.0, r-base=4.1.1}, SAMPLESHEET_CHECK={python=3.9.5}, SAMTOOLS_FLAGSTAT={samtools=1.17}, SAMTOOLS_IDXSTATS={samtools=1.17}, SAMTOOLS_INDEX={samtools=1.17}, SAMTOOLS_SORT={samtools=1.17}, SAMTOOLS_STATS={samtools=1.17}, STAR_ALIGN={gawk=5.1.0, samtools=1.16.1, star=2.7.9a}, STAR_GENOMEGENERATE={gawk=5.1.0, samtools=1.16.1, star=2.7.9a}, STRINGTIE_STRINGTIE={stringtie=2.2.1}, SUBREAD_FEATURECOUNTS={subread=2.0.1}, TRIMGALORE={cutadapt=3.4, trimgalore=0.6.7}, UCSC_BEDCLIP={ucsc=377}, UCSC_BEDGRAPHTOBIGWIG={ucsc=377}, UNTAR_SALMON_INDEX={untar=1.30}, Workflow={nf-core/rnaseq=3.12.0dev}}"
        ],
        "timestamp": "2023-05-28T19:32:42+0000"
    },
    "salmon": {
        "content": [
            "salmon_tx2gene.tsv:md5,b367acfc4b7df7fb68fb1b1d2956e27e"
        ],
        "timestamp": "2023-05-28T19:32:42+0000"
    },
    "star_salmon/rseqc/": {
        "content": [
            "RAP1_IAA_30M_REP1.bam_stat.txt:md5,b882e444c89be4ceed80e29865166b1a",
            "RAP1_UNINDUCED_REP1.bam_stat.txt:md5,d00442929f8a18945d4597167fe3bb6d",
            "RAP1_UNINDUCED_REP2.bam_stat.txt:md5,447c12933610cb3e0aeb4560906332c6",
            "WT_REP1.bam_stat.txt:md5,85d14e5c3943407e636186424fd766cb",
            "WT_REP2.bam_stat.txt:md5,12ae5d98f3e5cf7b3a70eed45f12cbe2",
            "RAP1_IAA_30M_REP1.infer_experiment.txt:md5,169d25b95c008bebe9ce886fea6a4e33",
            "RAP1_UNINDUCED_REP1.infer_experiment.txt:md5,2ca0ce0fd3204bd2cc4812c4655b1f1f",
            "RAP1_UNINDUCED_REP2.infer_experiment.txt:md5,7d5705880188f9beab1939e08d6b8f40",
            "WT_REP1.infer_experiment.txt:md5,bf0c137f5fca06e7c40e1984a1acb06d",
            "WT_REP2.infer_experiment.txt:md5,82e23b329ee60709f343bc2d17d43b14",
            "RAP1_IAA_30M_REP1.junction.bed:md5,abc741dcce71900d4145f3aaf3bd9c64",
            "RAP1_UNINDUCED_REP1.junction.bed:md5,ce6b9b387adbad82a9bf798d07e65b15",
            "RAP1_UNINDUCED_REP2.junction.bed:md5,112233f4d8b6c929e1b7d5ef74556436",
            "WT_REP1.junction.bed:md5,a0082fba0e4222d41fc5e5c6ba6db453",
            "WT_REP2.junction.bed:md5,0b01bf3d08378094bc063f123ed201d4",
            "RAP1_IAA_30M_REP1.junction_annotation.log:md5,0c83bfd72c550d18a389ffebfb7549fc",
            "WT_REP1.junction_annotation.log:md5,93ff20da87153de88c5686588330abd2",
            "WT_REP2.junction_annotation.log:md5,1b95af725477bbe771ed4e7b7d693729",
            "RAP1_IAA_30M_REP1.DupRate_plot.r:md5,0505b253ebe3a21cb06a04a08c9313dd",
            "RAP1_UNINDUCED_REP1.DupRate_plot.r:md5,630db79b02077966911b521a1894e1e1",
            "RAP1_UNINDUCED_REP2.DupRate_plot.r:md5,4c7cbbb403a09b1056591772867977bd",
            "WT_REP1.DupRate_plot.r:md5,99e3eac32a2a2b508501c35c1cccd2bc",
            "WT_REP2.DupRate_plot.r:md5,c61f96c3761940feed3f60950ef8ac84"
        ],
        "timestamp": "2023-05-28T19:32:42+0000"
    },
    "multiqc": {
        "content": [
            "junction_saturation_known.txt:md5,7fb002deec1752d8e2065b693624191c",
            "junction_saturation_novel.txt:md5,7fb002deec1752d8e2065b693624191c",
            "multiqc_fastqc.txt:md5,68bdc9b37911a79484e0333e82679fa3"
        ],
        "timestamp": "2023-05-28T19:32:42+0000"
    },
    "star_salmon/deseq2_qc/": {
        "content": [
            "R_sessionInfo.log:md5,fb0da0d7ad6994ed66a8e68348b19676"
        ],
        "timestamp": "2023-05-28T19:32:42+0000"
    }
}