{
    "samplesheet": {
        "content": [
            "samplesheet.valid.csv:md5,21387c48b43947403fb84f5e33be9e9b"
        ],
        "timestamp": "2023-05-28T18:47:21+0000"
    },
    "star_salmon": {
        "content": [
            "salmon_tx2gene.tsv:md5,b367acfc4b7df7fb68fb1b1d2956e27e"
        ],
        "timestamp": "2023-05-28T18:47:21+0000"
    },
    "software_versions": {
        "content": [
            "{BBMAP_BBSPLIT={bbmap=39.01}, CAT_ADDITIONAL_FASTA={python=3.9.5}, CAT_FASTQ={cat=8.30}, CUSTOM_DUMPSOFTWAREVERSIONS={python=3.11.0, yaml=6.0}, CUSTOM_GETCHROMSIZES={getchromsizes=1.16.1}, DESEQ2_QC_SALMON={bioconductor-deseq2=1.28.0, r-base=4.0.3}, DESEQ2_QC_STAR_SALMON={bioconductor-deseq2=1.28.0, r-base=4.0.3}, FASTQC={fastqc=0.11.9}, FQ_SUBSAMPLE={fq=0.9.1 (2022-02-22)}, GTF2BED={perl=5.26.2}, GUNZIP_ADDITIONAL_FASTA={gunzip=1.10}, GUNZIP_GTF={gunzip=1.10}, SALMON_QUANT={salmon=1.10.1}, SALMON_SE_GENE={bioconductor-summarizedexperiment=1.24.0, r-base=4.1.1}, SALMON_TX2GENE={python=3.9.5}, SALMON_TXIMPORT={bioconductor-tximeta=1.12.0, r-base=4.1.1}, SAMPLESHEET_CHECK={python=3.9.5}, SAMTOOLS_FLAGSTAT={samtools=1.17}, SAMTOOLS_IDXSTATS={samtools=1.17}, SAMTOOLS_INDEX={samtools=1.17}, SAMTOOLS_SORT={samtools=1.17}, SAMTOOLS_STATS={samtools=1.17}, STAR_ALIGN={gawk=5.1.0, samtools=1.16.1, star=2.7.9a}, STAR_GENOMEGENERATE={gawk=5.1.0, samtools=1.16.1, star=2.7.9a}, TRIMGALORE={cutadapt=3.4, trimgalore=0.6.7}, UNTAR_SALMON_INDEX={untar=1.30}, Workflow={nf-core/rnaseq=3.12.0dev}}"
        ],
        "timestamp": "2023-05-28T18:47:21+0000"
    },
    "salmon": {
        "content": [
            "salmon_tx2gene.tsv:md5,b367acfc4b7df7fb68fb1b1d2956e27e"
        ],
        "timestamp": "2023-05-28T18:47:21+0000"
    },
    "multiqc": {
        "content": [
            "multiqc_cutadapt.txt:md5,aac9581a5670cb55edf564f3d6c1f9a7",
            "multiqc_fail_mapped_samples_table.txt:md5,0596a4d8b234a2c9be9289041773cab8",
            "multiqc_fastqc.txt:md5,68bdc9b37911a79484e0333e82679fa3"
        ],
        "timestamp": "2023-05-28T18:47:21+0000"
    },
    "star_salmon/deseq2_qc/": {
        "content": [
            "R_sessionInfo.log:md5,fb0da0d7ad6994ed66a8e68348b19676"
        ],
        "timestamp": "2023-05-28T18:47:21+0000"
    }
}